// Jest Snapshot v1, https://goo.gl/fbAQLP

exports[`test AppRouter component should render AppRouter component loaded 1`] = `
<Routes>
  <Route
    element={
      <MainPage
        title="cards"
      />
    }
    key="/"
    path="/"
  />
  <Route
    element={
      <AboutPage
        title="about"
      />
    }
    key="/about"
    path="/about"
  />
  <Route
    element={
      <ProfilePage
        title="order"
      />
    }
    key="/profile"
    path="/profile"
  />
  <Route
    element={
      <NotFoundPage
        title="not found page"
      />
    }
    key="/404"
    path="/404"
  />
  <Route
    element={
      <Navigate
        replace={true}
        to="/404"
      />
    }
    path="*"
  />
</Routes>
`;
