// Jest Snapshot v1, https://goo.gl/fbAQLP

exports[`test RatingBar component should render RatingBar component loaded 1`] = `
<div
  className="rating-bar"
>
  <img
    alt="superstar"
    className="star"
    key="0"
    src="assets/images/star.png"
  />
  <img
    alt="superstar"
    className="star"
    key="1"
    src="assets/images/star.png"
  />
  <img
    alt="superstar"
    className="star"
    key="2"
    src="assets/images/star.png"
  />
  <img
    alt="superstar"
    className="star"
    key="3"
    src="assets/images/star.png"
  />
  <span>
    4
  </span>
</div>
`;
