// Jest Snapshot v1, https://goo.gl/fbAQLP

exports[`test ProfileForm component should render ProfileForm component 1`] = `
<form
  className="profile-form"
  onSubmit={[Function]}
>
  <div
    className="profile-item"
  >
    <span
      className="profile-item__title"
    >
      Firstname
    </span>
    <div
      className="input-container"
    >
      <input
        id="firstname"
        onChange={[Function]}
        required={true}
        type="text"
      />
      <label
        className="label-validation"
        htmlFor="firstname"
      />
    </div>
  </div>
  <div
    className="profile-item"
  >
    <span
      className="profile-item__title"
    >
      Lastname
    </span>
    <div
      className="input-container"
    >
      <input
        id="lastname"
        onChange={[Function]}
        required={true}
        type="text"
      />
      <label
        className="label-validation"
        htmlFor="lastname"
      />
    </div>
  </div>
  <div
    className="profile-item"
  >
    <span
      className="profile-item__title"
    >
      Zipcode
    </span>
    <div
      className="input-container"
    >
      <input
        id="zipcode"
        onChange={[Function]}
        required={true}
        type="number"
      />
      <label
        className="label-validation"
        htmlFor="zipcode"
      />
    </div>
  </div>
  <div
    className="profile-item"
  >
    <span
      className="profile-item__title"
    >
      Birthday date
    </span>
    <div
      className="input-container"
    >
      <input
        id="birthdayDate"
        onChange={[Function]}
        required={true}
        type="date"
      />
      <label
        className="label-validation"
        htmlFor="birthdayDate"
      />
    </div>
  </div>
  <div
    className="profile-item"
  >
    <span
      className="profile-item__title"
    >
      Choose your city:
    </span>
    <div
      className="input-container"
    >
      <select
        id="city"
        name="city"
        onChange={[Function]}
        required={true}
      >
        <option
          value=""
        >
          --Please choose a city--
        </option>
        <option
          key="Minsk"
          value="Minsk"
        >
          Minsk
        </option>
        <option
          key="Brest"
          value="Brest"
        >
          Brest
        </option>
        <option
          key="Grodno"
          value="Grodno"
        >
          Grodno
        </option>
        <option
          key="Gomel"
          value="Gomel"
        >
          Gomel
        </option>
        <option
          key="Vitebsk"
          value="Vitebsk"
        >
          Vitebsk
        </option>
        <option
          key="Mogilev"
          value="Mogilev"
        >
          Mogilev
        </option>
      </select>
      <label
        className="label-validation"
        htmlFor="city"
      />
    </div>
  </div>
  <div
    className="profile-item"
  >
    <span
      className="profile-item__title"
    >
      Gender
    </span>
    <Switcher
      id="gender"
      refProp={
        Object {
          "current": null,
        }
      }
    />
  </div>
  <div
    className="profile-item"
  >
    <span
      className="profile-item__title"
    >
      Avatar
    </span>
    <div
      className="input-container"
    >
      <input
        accept="image/*"
        id="avatar"
        onChange={[Function]}
        required={true}
        type="file"
      />
      <label
        className="label-validation"
        htmlFor="avatar"
      />
    </div>
  </div>
  <fieldset
    className="gift-checklist"
  >
    <legend>
      Choose your an additional gift
    </legend>
    <div
      key="badge"
    >
      <label
        htmlFor="badge"
      >
        badge
      </label>
      <input
        id="badge"
        type="checkbox"
      />
    </div>
    <div
      key="calendar"
    >
      <label
        htmlFor="calendar"
      >
        calendar
      </label>
      <input
        id="calendar"
        type="checkbox"
      />
    </div>
    <div
      key="cup"
    >
      <label
        htmlFor="cup"
      >
        cup
      </label>
      <input
        id="cup"
        type="checkbox"
      />
    </div>
    <div
      key="pencil"
    >
      <label
        htmlFor="pencil"
      >
        pencil
      </label>
      <input
        id="pencil"
        type="checkbox"
      />
    </div>
  </fieldset>
  <button
    className="submit-btn"
    disabled={false}
    type="submit"
  >
    Submit
  </button>
</form>
`;
