// Jest Snapshot v1, https://goo.gl/fbAQLP

exports[`test MainPage component should render MainPage component 1`] = `
<Fragment>
  <Header
    title="test"
  />
  <main
    className="main container"
  >
    <div
      className="content"
    >
      <SearchBar
        searchValue=""
        setSearchValue={[Function]}
      />
      <CardList
        searchValue=""
      />
    </div>
  </main>
</Fragment>
`;
