// Jest Snapshot v1, https://goo.gl/fbAQLP

exports[`test Header component should render Header component loaded 1`] = `
<header
  className="header container"
>
  <div
    className="content"
  >
    <span
      className="page-title"
    >
      cards
    </span>
    <NavBar />
  </div>
</header>
`;
