// Jest Snapshot v1, https://goo.gl/fbAQLP

exports[`test NavBar component should render NavBar component loaded 1`] = `
<nav
  className="nav-bar"
>
  <ul>
    <li>
      <Link
        to="/"
      >
        Cards
      </Link>
    </li>
    <li>
      <Link
        to="/about"
      >
        About
      </Link>
    </li>
    <li>
      <Link
        to="/profile"
      >
        Profile
      </Link>
    </li>
  </ul>
</nav>
`;
